// Jest Snapshot v1, https://goo.gl/fbAQLP

exports[`<MainHeader /> renders MainHeader without crashing 1`] = `ShallowWrapper {}`;
